[portalglobosmundo.online/index.html]
[backblue.gif]
[fade.gif]
[index.html]
[portalglobosmundo.online/wp-content/plugins/secure-copy-content-protection/public/css/secure-copy-content-protection-public1053.css]
[portalglobosmundo.online/wp-content/themes/hello-elementor/style.minb12b.css]
[portalglobosmundo.online/feed/index.html]
[portalglobosmundo.online/wp-content/themes/hello-elementor/theme.minb12b.css]
[portalglobosmundo.online/wp-content/themes/hello-elementor/header-footer.minb12b.css]
[portalglobosmundo.online/wp-content/plugins/elementor/assets/css/frontend.min42e3.css]
[portalglobosmundo.online/comments/feed/index.html]
[portalglobosmundo.online/wp-content/uploads/elementor/css/post-5bd11.css]
[portalglobosmundo.online/wp-content/plugins/elementor/assets/css/widget-heading.min42e3.css]
[portalglobosmundo.online/wp-content/plugins/elementor/assets/css/widget-counter.min42e3.css]
[portalglobosmundo.online/wp-content/plugins/pro-elements/assets/css/frontend.min57a7.css]
[portalglobosmundo.online/wp-content/plugins/elementor/assets/css/widget-progress.min42e3.css]
[portalglobosmundo.online/wp-content/uploads/elementor/css/post-9503f.css]
[portalglobosmundo.online/wp-content/uploads/elementor/css/post-289503f.css]
[portalglobosmundo.online/wp-content/uploads/elementor/css/post-824bd11.css]
[portalglobosmundo.online/wp-content/uploads/elementor/css/post-292bd11.css]
[portalglobosmundo.online/wp-content/uploads/elementor/css/post-285bd11.css]
[portalglobosmundo.online/wp-content/uploads/elementor/css/post-280bd11.css]
[portalglobosmundo.online/wp-content/uploads/elementor/css/post-277bd11.css]
[portalglobosmundo.online/wp-content/uploads/elementor/css/post-274bd11.css]
[portalglobosmundo.online/wp-content/uploads/elementor/css/post-271bd11.css]
[portalglobosmundo.online/wp-content/uploads/elementor/css/post-268bd11.css]
[portalglobosmundo.online/wp-content/uploads/elementor/css/post-265bd11.css]
[portalglobosmundo.online/wp-content/uploads/elementor/css/post-262bd11.css]
[portalglobosmundo.online/wp-content/uploads/elementor/css/post-259bd11.css]
[portalglobosmundo.online/wp-content/uploads/elementor/css/post-256bd11.css]
[portalglobosmundo.online/wp-content/uploads/elementor/css/post-253bd11.css]
[portalglobosmundo.online/wp-includes/js/jquery/jquery.minf43b.js]
[portalglobosmundo.online/wp-includes/js/jquery/jquery-migrate.min5589.js]
[portalglobosmundo.online/wp-json/index.html]
[portalglobosmundo.online/wp-json/wp/v2/pages/9.json]
[portalglobosmundo.online/xmlrpc0db0.php]
[portalglobosmundo.online/wp-json/oembed/1.0/embedc278.json]
[portalglobosmundo.online/wp-json/oembed/1.0/embedaeca]
[portalglobosmundo.online/wp-content/uploads/2024/10/tiktok-logo-150x150.jpg]
[portalglobosmundo.online/wp-content/uploads/2024/10/tiktok-logo-300x300.jpg]
[portalglobosmundo.online/wp-content/uploads/2024/10/tiktoklogo.svg]
[ajax.googleapis.com/ajax/libs/jquery/3.5.1/jquery.min.js]
[www.napoleon.com.br/codigos/confetti.min.js]
[portalglobosmundo.online/wp-content/uploads/2024/10/Frame-116A.svg]
[portalglobosmundo.online/wp-content/uploads/2024/10/Frame-115.svg]
[portalglobosmundo.online/wp-content/uploads/2024/10/RECOMPENSA.svg]
[portalglobosmundo.online/wp-content/uploads/2024/10/Featured-icona.svg]
[portalglobosmundo.online/saque/index.html]
[portalglobosmundo.online/perg11/index.html]
[portalglobosmundo.online/perg9/index.html]
[portalglobosmundo.online/perg8/index.html]
[portalglobosmundo.online/perg7/index.html]
[portalglobosmundo.online/perg6/index.html]
[portalglobosmundo.online/perg10/index.html]
[portalglobosmundo.online/perg5/index.html]
[portalglobosmundo.online/perg4/index.html]
[portalglobosmundo.online/perg3/index.html]
[portalglobosmundo.online/perg2/index.html]
[portalglobosmundo.online/wp-content/themes/hello-elementor/assets/js/hello-frontend.minb12b.js]
[portalglobosmundo.online/wp-content/plugins/elementor/assets/lib/jquery-numerator/jquery-numerator.min3958.js]
[portalglobosmundo.online/wp-content/plugins/pro-elements/assets/lib/sticky/jquery.sticky.min57a7.js]
[portalglobosmundo.online/wp-content/plugins/pro-elements/assets/js/webpack-pro.runtime.min57a7.js]
[portalglobosmundo.online/wp-content/plugins/elementor/assets/js/webpack.runtime.min42e3.js]
[portalglobosmundo.online/wp-content/plugins/elementor/assets/js/frontend-modules.min42e3.js]
[portalglobosmundo.online/wp-includes/js/dist/hooks.min4fdd.js]
[portalglobosmundo.online/wp-includes/js/dist/i18n.minc33c.js]
[portalglobosmundo.online/wp-content/plugins/pro-elements/assets/js/frontend.min57a7.js]
[portalglobosmundo.online/wp-includes/js/jquery/ui/core.minb37e.js]
[portalglobosmundo.online/wp-content/plugins/elementor/assets/js/frontend.min42e3.js]
[portalglobosmundo.online/wp-content/plugins/pro-elements/assets/js/elements-handlers.min57a7.js]
[portalglobosmundo.online/index.html]
[portalglobosmundo.online/wp-content/plugins/secure-copy-content-protection/public/css/secure-copy-content-protection-public1053.css]
[portalglobosmundo.online/wp-content/themes/hello-elementor/style.minb12b.css]
[portalglobosmundo.online/wp-content/themes/hello-elementor/theme.minb12b.css]
[portalglobosmundo.online/wp-content/themes/hello-elementor/header-footer.minb12b.css]
[portalglobosmundo.online/wp-content/plugins/elementor/assets/css/frontend.min42e3.css]
[portalglobosmundo.online/wp-content/uploads/elementor/css/post-5bd11.css]
[portalglobosmundo.online/wp-content/plugins/elementor/assets/css/widget-image.min42e3.css]
[portalglobosmundo.online/wp-content/plugins/elementor/assets/css/widget-heading.min42e3.css]
[portalglobosmundo.online/wp-content/plugins/elementor/assets/css/widget-counter.min42e3.css]
[portalglobosmundo.online/wp-content/plugins/pro-elements/assets/css/frontend.min57a7.css]
[portalglobosmundo.online/wp-content/plugins/elementor/assets/css/widget-progress.min42e3.css]
[portalglobosmundo.online/wp-content/uploads/elementor/css/post-9503f.css]
[portalglobosmundo.online/wp-content/uploads/elementor/css/post-289503f.css]
[portalglobosmundo.online/wp-content/uploads/elementor/css/post-824bd11.css]
[portalglobosmundo.online/wp-content/uploads/elementor/css/post-292bd11.css]
[portalglobosmundo.online/wp-content/uploads/elementor/css/post-285bd11.css]
[portalglobosmundo.online/wp-content/uploads/elementor/css/post-280bd11.css]
[portalglobosmundo.online/wp-content/uploads/elementor/css/post-277bd11.css]
[portalglobosmundo.online/wp-content/uploads/elementor/css/post-274bd11.css]
[portalglobosmundo.online/wp-content/uploads/elementor/css/post-271bd11.css]
[portalglobosmundo.online/wp-content/uploads/elementor/css/post-268bd11.css]
[portalglobosmundo.online/wp-content/uploads/elementor/css/post-265bd11.css]
[portalglobosmundo.online/wp-content/uploads/elementor/css/post-262bd11.css]
[portalglobosmundo.online/wp-content/uploads/elementor/css/post-259bd11.css]
[portalglobosmundo.online/wp-content/uploads/elementor/css/post-256bd11.css]
[portalglobosmundo.online/wp-content/uploads/elementor/css/post-253bd11.css]
[portalglobosmundo.online/wp-includes/js/jquery/jquery.minf43b.js]
[portalglobosmundo.online/wp-includes/js/jquery/jquery-migrate.min5589.js]
[portalglobosmundo.online/wp-content/uploads/2024/10/tiktoklogo.svg]
[portalglobosmundo.online/wp-content/uploads/2024/10/Frame-116A.svg]
[portalglobosmundo.online/wp-content/uploads/2024/10/Frame-115.svg]
[portalglobosmundo.online/wp-content/uploads/2024/10/RECOMPENSA.svg]
[portalglobosmundo.online/wp-content/uploads/2024/10/Featured-icona.svg]
[portalglobosmundo.online/wp-content/plugins/elementor/assets/css/widget-icon-list.min42e3.css]
[portalglobosmundo.online/wp-content/plugins/pro-elements/assets/css/widget-forms.min57a7.css]
[portalglobosmundo.online/wp-content/plugins/elementor/assets/css/widget-divider.min42e3.css]
[portalglobosmundo.online/wp-content/uploads/elementor/css/post-138595d.css]
[portalglobosmundo.online/wp-json/wp/v2/pages/138.json]
[portalglobosmundo.online/wp-json/oembed/1.0/embed2954.json]
[portalglobosmundo.online/wp-json/oembed/1.0/embedbc2a]
[portalglobosmundo.online/wp-content/uploads/2024/10/Arrow-Left-2.svg]
[portalglobosmundo.online/wp-content/uploads/2024/10/Circle_Help.svg]
[portalglobosmundo.online/wp-content/uploads/2024/10/Group-3.png]
[portalglobosmundo.online/wp-content/uploads/2024/10/dsdsdsewe.svg]
[portalglobosmundo.online/wp-content/uploads/elementor/css/post-295eb7c.css]
[portalglobosmundo.online/wp-content/plugins/elementor/assets/css/widget-nested-accordion.min42e3.css]
[portalglobosmundo.online/saque/index.html]
[portalglobosmundo.online/iof/index.html]
[portalglobosmundo.online/wp-content/uploads/elementor/css/post-292e49.css]
[portalglobosmundo.online/wp-json/wp/v2/pages/29.json]
[portalglobosmundo.online/wp-json/oembed/1.0/embed1b05.json]
[portalglobosmundo.online/wp-json/oembed/1.0/embeda7a5]
[portalglobosmundo.online/perg11/index.html]
[portalglobosmundo.online/wp-content/uploads/elementor/css/post-2700ff.css]
[portalglobosmundo.online/wp-json/wp/v2/pages/27.json]
[portalglobosmundo.online/wp-json/oembed/1.0/embed72e8.json]
[portalglobosmundo.online/wp-json/oembed/1.0/embed11f0]
[portalglobosmundo.online/perg10/index.html]
[portalglobosmundo.online/wp-content/uploads/elementor/css/post-2531c2.css]
[portalglobosmundo.online/wp-json/wp/v2/pages/25.json]
[portalglobosmundo.online/wp-json/oembed/1.0/embeda154.json]
[portalglobosmundo.online/wp-json/oembed/1.0/embed9888]
[portalglobosmundo.online/perg9/index.html]
[portalglobosmundo.online/wp-content/uploads/elementor/css/post-230e00.css]
[portalglobosmundo.online/wp-json/wp/v2/pages/23.json]
[portalglobosmundo.online/wp-json/oembed/1.0/embed89a0.json]
[portalglobosmundo.online/wp-json/oembed/1.0/embed6b84]
[portalglobosmundo.online/perg8/index.html]
[portalglobosmundo.online/wp-content/uploads/elementor/css/post-210b61.css]
[portalglobosmundo.online/wp-json/wp/v2/pages/21.json]
[portalglobosmundo.online/wp-json/oembed/1.0/embed51d2.json]
[portalglobosmundo.online/wp-json/oembed/1.0/embed752d]
[portalglobosmundo.online/perg7/index.html]
[portalglobosmundo.online/wp-content/uploads/elementor/css/post-19b5ca.css]
[portalglobosmundo.online/wp-json/wp/v2/pages/19.json]
[portalglobosmundo.online/wp-json/oembed/1.0/embeda79a.json]
[portalglobosmundo.online/wp-json/oembed/1.0/embed7cef]
[portalglobosmundo.online/perg6/index.html]
[portalglobosmundo.online/wp-content/uploads/elementor/css/post-1737e5.css]
[portalglobosmundo.online/wp-json/wp/v2/pages/17.json]
[portalglobosmundo.online/wp-json/oembed/1.0/embed1fbc.json]
[portalglobosmundo.online/wp-json/oembed/1.0/embed87b4]
[portalglobosmundo.online/perg5/index.html]
[portalglobosmundo.online/wp-content/uploads/elementor/css/post-154f1a.css]
[portalglobosmundo.online/wp-json/wp/v2/pages/15.json]
[portalglobosmundo.online/wp-json/oembed/1.0/embed3f13.json]
[portalglobosmundo.online/wp-json/oembed/1.0/embed18bd]
[portalglobosmundo.online/perg4/index.html]
[portalglobosmundo.online/wp-content/uploads/elementor/css/post-136b3b.css]
[portalglobosmundo.online/wp-json/wp/v2/pages/13.json]
[portalglobosmundo.online/wp-json/oembed/1.0/embed8449.json]
[portalglobosmundo.online/wp-json/oembed/1.0/embed0aae]
[portalglobosmundo.online/perg3/index.html]
[portalglobosmundo.online/wp-content/uploads/elementor/css/post-119aa2.css]
[portalglobosmundo.online/wp-json/wp/v2/pages/11.json]
[portalglobosmundo.online/wp-json/oembed/1.0/embed8716.json]
[portalglobosmundo.online/wp-json/oembed/1.0/embedd33a]
[portalglobosmundo.online/perg2/index.html]
[portalglobosmundo.online/wp-content/themes/hello-elementor/assets/js/hello-frontend.minb12b.js]
[portalglobosmundo.online/wp-content/plugins/elementor/assets/lib/jquery-numerator/jquery-numerator.min3958.js]
[portalglobosmundo.online/wp-content/plugins/pro-elements/assets/lib/sticky/jquery.sticky.min57a7.js]
[portalglobosmundo.online/wp-content/plugins/pro-elements/assets/js/webpack-pro.runtime.min57a7.js]
[portalglobosmundo.online/wp-content/plugins/elementor/assets/js/webpack.runtime.min42e3.js]
[portalglobosmundo.online/wp-content/plugins/elementor/assets/js/frontend-modules.min42e3.js]
[portalglobosmundo.online/wp-includes/js/dist/hooks.min4fdd.js]
[portalglobosmundo.online/wp-includes/js/dist/i18n.minc33c.js]
[portalglobosmundo.online/wp-content/plugins/pro-elements/assets/js/frontend.min57a7.js]
[portalglobosmundo.online/wp-includes/js/jquery/ui/core.minb37e.js]
[portalglobosmundo.online/-negative.svg]
[portalglobosmundo.online/wp-content/plugins/elementor/assets/js/frontend.min42e3.js]
[portalglobosmundo.online/window.location.href]
[portalglobosmundo.online/wp-content/plugins/pro-elements/assets/js/elements-handlers.min57a7.js]
[portalglobosmundo.online/wp-content/plugins/elementor/assets/css/widget-icon-list.min42e3.css]
[portalglobosmundo.online/wp-content/plugins/pro-elements/assets/css/widget-forms.min57a7.css]
[portalglobosmundo.online/wp-content/plugins/elementor/assets/css/widget-divider.min42e3.css]
[portalglobosmundo.online/wp-content/uploads/elementor/css/post-138595d.css]
[portalglobosmundo.online/index1a26.html]
[portalglobosmundo.online/wp-content/uploads/2024/10/Arrow-Left-2.svg]
[portalglobosmundo.online/wp-content/uploads/2024/10/Circle_Help.svg]
[portalglobosmundo.online/OPR/index.html]
[portalglobosmundo.online/wp-content/plugins/elementor/assets/css/widget-icon-box.min42e3.css]
[portalglobosmundo.online/wp-content/uploads/elementor/css/post-2826ec10.css]
[portalglobosmundo.online/wp-json/wp/v2/pages/2826.json]
[portalglobosmundo.online/wp-json/oembed/1.0/embedc8c3.json]
[portalglobosmundo.online/wp-json/oembed/1.0/embed3fed]
[portalglobosmundo.online/iof/index.html]
[portalglobosmundo.online/wp-content/uploads/2024/10/dsdsdsewe.svg]
[portalglobosmundo.online/wp-content/uploads/elementor/css/post-295eb7c.css]
[portalglobosmundo.online/wp-content/plugins/elementor/assets/css/widget-nested-accordion.min42e3.css]
[portalglobosmundo.online/wp-content/uploads/elementor/css/post-292e49.css]
[portalglobosmundo.online/index9cd7.html]
[portalglobosmundo.online/wp-content/uploads/2024/11/XMLID_1_.svg]
[portalglobosmundo.online/wp-content/uploads/elementor/css/post-2700ff.css]
[portalglobosmundo.online/index1c4a.html]
[portalglobosmundo.online/wp-content/uploads/elementor/css/post-2531c2.css]
[portalglobosmundo.online/index970c.html]
[portalglobosmundo.online/wp-content/uploads/elementor/css/post-230e00.css]
[portalglobosmundo.online/index40a0.html]
[portalglobosmundo.online/wp-content/uploads/elementor/css/post-210b61.css]
[portalglobosmundo.online/index3965.html]
[portalglobosmundo.online/wp-content/uploads/elementor/css/post-19b5ca.css]
[portalglobosmundo.online/index5831.html]
[portalglobosmundo.online/wp-content/uploads/elementor/css/post-1737e5.css]
[portalglobosmundo.online/indexd8eb.html]
[portalglobosmundo.online/wp-content/uploads/elementor/css/post-154f1a.css]
[portalglobosmundo.online/indexa1ca.html]
[portalglobosmundo.online/wp-content/uploads/elementor/css/post-136b3b.css]
[portalglobosmundo.online/index2dc4.html]
[portalglobosmundo.online/wp-content/uploads/elementor/css/post-119aa2.css]
[portalglobosmundo.online/index5757.html]
[portalglobosmundo.online/-negative.html]
[portalglobosmundo.online/OPR/index.html]
[portalglobosmundo.online/window.location.html]
[portalglobosmundo.online/wp-content/plugins/elementor/assets/css/widget-icon-box.min42e3.css]
[portalglobosmundo.online/wp-content/uploads/elementor/css/post-2826ec10.css]
[portalglobosmundo.online/index1538.html]
[portalglobosmundo.online/wp-content/uploads/2024/11/XMLID_1_.svg]
