[questionario-responda.shop/agora/indexefe8.html]
[backblue.gif]
[fade.gif]
[index.html]
[questionario-responda.shop/agora/feed/index.html]
[connect.facebook.net/en_US/fbevents.js]
[cdn.utmify.com.br/scripts/utms/latest.js]
[cdn.utmify.com.br/scripts/pixel/pixel.js]
[questionario-responda.shop/agora/comments/feed/index.html]
[questionario-responda.shop/agora/wp-content/themes/hello-elementor/style.mindeaedeae.css]
[questionario-responda.shop/agora/wp-content/themes/hello-elementor/theme.mindeaedeae.css]
[questionario-responda.shop/agora/wp-content/themes/hello-elementor/header-footer.mindeaedeae.css]
[questionario-responda.shop/agora/wp-content/plugins/elementor/assets/css/frontend.min7ac27ac2.css]
[questionario-responda.shop/agora/wp-content/uploads/elementor/css/post-538303830.css]
[questionario-responda.shop/agora/wp-content/plugins/elementor/assets/lib/eicons/css/elementor-icons.min705c705c.css]
[questionario-responda.shop/agora/wp-content/plugins/elementor/assets/css/widget-heading.min7ac27ac2.css]
[questionario-responda.shop/agora/wp-content/plugins/elementor-pro/assets/css/widget-form.min9e359e35.css]
[questionario-responda.shop/agora/wp-content/plugins/elementor/assets/css/widget-divider.min7ac27ac2.css]
[questionario-responda.shop/agora/wp-content/plugins/elementor/assets/css/widget-text-editor.min7ac27ac2.css]
[questionario-responda.shop/agora/wp-content/uploads/elementor/css/post-41401bf01bf.css]
[questionario-responda.shop/agora/wp-content/plugins/essential-addons-for-elementor-lite/assets/front-end/css/view/general.min42c642c6.css]
[questionario-responda.shop/agora/wp-includes/js/jquery/jquery.minf43bf43b.js]
[questionario-responda.shop/agora/wp-includes/js/jquery/jquery-migrate.min55895589.js]
[questionario-responda.shop/agora/wp-json/index.html]
[questionario-responda.shop/agora/wp-json/wp/v2/pages/414.json]
[questionario-responda.shop/agora/xmlrpc0db00db0.php]
[questionario-responda.shop/agora/index.html]
[questionario-responda.shop/agora/wp-json/oembed/1.0/embedfd44fd44.json]
[questionario-responda.shop/cdn.utmify.com.br/scripts/utms/latest.js]
[questionario-responda.shop/agora/wp-content/uploads/2025/01/cropped-622e383d-a968-4ce6-8efa-0d2d91fc9977-gif-tiktok-e1735776294167-32x32.webp]
[questionario-responda.shop/agora/wp-content/uploads/2025/01/cropped-622e383d-a968-4ce6-8efa-0d2d91fc9977-gif-tiktok-e1735776294167-192x192.webp]
[questionario-responda.shop/agora/wp-content/uploads/2025/01/cropped-622e383d-a968-4ce6-8efa-0d2d91fc9977-gif-tiktok-e1735776294167-180x180.webp]
[questionario-responda.shop/agora/tiktok1/index.html]
[questionario-responda.shop/agora/wp-content/themes/hello-elementor/assets/js/hello-frontend.mindeaedeae.js]
[questionario-responda.shop/agora/wp-content/plugins/essential-addons-for-elementor-lite/assets/front-end/js/view/general.min42c642c6.js]
[questionario-responda.shop/agora/wp-content/plugins/elementor-pro/assets/js/webpack-pro.runtime.min9e359e35.js]
[questionario-responda.shop/agora/wp-content/plugins/elementor/assets/js/webpack.runtime.min7ac27ac2.js]
[questionario-responda.shop/agora/wp-content/plugins/elementor/assets/js/frontend-modules.min7ac27ac2.js]
[questionario-responda.shop/agora/wp-includes/js/dist/hooks.min4fdd4fdd.js]
[questionario-responda.shop/agora/wp-includes/js/dist/i18n.minc33cc33c.js]
[questionario-responda.shop/agora/wp-content/plugins/elementor-pro/assets/js/frontend.min9e359e35.js]
[questionario-responda.shop/agora/wp-includes/js/jquery/ui/core.minb37eb37e.js]
[questionario-responda.shop/agora/wp-content/plugins/elementor/assets/js/frontend.min7ac27ac2.js]
[questionario-responda.shop/agora/wp-content/plugins/elementor-pro/assets/js/elements-handlers.min9e359e35.js]
[questionario-responda.shop/agora/indexefe8.html]
[questionario-responda.shop/agora/feed/index.html]
[questionario-responda.shop/agora/a]
[questionario-responda.shop/agora/POST]
[questionario-responda.shop/agora/b.resolvedLink]
[questionario-responda.shop/signals/iwl.js]
[connect.facebook.net/en_US/fbevents.js]
[questionario-responda.shop/agora/comments/feed/index.html]
[questionario-responda.shop/agora/wp-content/themes/hello-elementor/style.mindeaedeae.css]
[questionario-responda.shop/agora/wp-content/themes/hello-elementor/theme.mindeaedeae.css]
[questionario-responda.shop/agora/wp-content/themes/hello-elementor/header-footer.mindeaedeae.css]
[questionario-responda.shop/agora/wp-content/plugins/elementor/assets/css/frontend.min7ac27ac2.css]
[questionario-responda.shop/agora/wp-content/uploads/elementor/css/post-538303830.css]
[questionario-responda.shop/agora/schema.org/index.html]
[questionario-responda.shop/agora/wp-content/plugins/elementor/assets/lib/eicons/fonts/eiconsa7eba7eb.woff2]
[questionario-responda.shop/agora/wp-content/plugins/elementor/assets/lib/eicons/fonts/eiconsa7eba7eb.woff]
[questionario-responda.shop/agora/wp-content/plugins/elementor/assets/lib/eicons/css/elementor-icons.min705c705c.css]
[questionario-responda.shop/agora/wp-content/plugins/elementor/assets/lib/eicons/fonts/eiconsa7eba7eb.eot]
[questionario-responda.shop/agora/wp-content/plugins/elementor/assets/css/widget-heading.min7ac27ac2.css]
[questionario-responda.shop/agora/wp-content/plugins/elementor-pro/assets/css/widget-form.min9e359e35.css]
[questionario-responda.shop/agora/wp-content/plugins/elementor/assets/css/widget-divider.min7ac27ac2.css]
[questionario-responda.shop/agora/wp-content/plugins/elementor/assets/css/widget-text-editor.min7ac27ac2.css]
[questionario-responda.shop/agora/wp-content/uploads/elementor/css/post-41401bf01bf.css]
[questionario-responda.shop/agora/wp-content/plugins/essential-addons-for-elementor-lite/assets/front-end/css/view/general.min42c642c6.css]
[questionario-responda.shop/agora/wp-includes/js/jquery/jquery.minf43bf43b.js]
[questionario-responda.shop/agora/wp-includes/js/jquery/jquery-migrate.min55895589.js]
[questionario-responda.shop/agora/wp-json/index.html]
[questionario-responda.shop/agora/xmlrpc0db00db0.html]
[questionario-responda.shop/agora/index.html]
[questionario-responda.shop/agora/wp-json/oembed/1.0/embed49f049f0.html]
[questionario-responda.shop/cdn.utmify.com.br/scripts/utms/latest.html]
[questionario-responda.shop/agora/wp-content/plugins/elementor/assets/lib/eicons/fonts/eiconsa7eba7eb.svg]
[questionario-responda.shop/agora/wp-content/plugins/elementor/assets/lib/eicons/fonts/eiconsa7eba7eb.ttf]
[questionario-responda.shop/agora/wp-content/plugins/elementor/assets/css/widget-counter.min7ac27ac2.css]
[questionario-responda.shop/agora/wp-content/plugins/elementor/assets/css/widget-progress.min7ac27ac2.css]
[questionario-responda.shop/agora/wp-content/uploads/elementor/css/post-135ee81ee81.css]
[questionario-responda.shop/agora/wp-json/wp/v2/pages/135.json]
[questionario-responda.shop/agora/index86fa86fa.html]
[questionario-responda.shop/agora/wp-json/oembed/1.0/embedfcd1fcd1.json]
[questionario-responda.shop/agora/tiktok2/index.html]
[questionario-responda.shop/cdn.jsdelivr.net/npm/tsparticles-confetti@2.9.3/tsparticles.confetti.bundle.min.js]
[questionario-responda.shop/agora/venda/cash.html]
[questionario-responda.shop/agora/wp-content/plugins/elementor/assets/lib/jquery-numerator/jquery-numerator.min39583958.js]
[questionario-responda.shop/agora/tiktok1/index.html]
[questionario-responda.shop/agora/wp-content/themes/hello-elementor/assets/js/hello-frontend.mindeaedeae.js]
[questionario-responda.shop/agora/e.html]
[questionario-responda.shop/agora/wp-content/plugins/essential-addons-for-elementor-lite/assets/front-end/js/view/general.min42c642c6.js]
[questionario-responda.shop/agora/wp-content/plugins/elementor-pro/assets/js/webpack-pro.runtime.min9e359e35.js]
[questionario-responda.shop/agora/wp-content/plugins/elementor/assets/js/webpack.runtime.min7ac27ac2.js]
[questionario-responda.shop/agora/wp-content/plugins/elementor/assets/js/frontend-modules.min7ac27ac2.js]
[questionario-responda.shop/agora/wp-includes/js/dist/hooks.min4fdd4fdd.js]
[questionario-responda.shop/agora/wp-includes/js/dist/i18n.minc33cc33c.js]
[questionario-responda.shop/agora/wp-content/plugins/elementor-pro/assets/js/frontend.min9e359e35.js]
[questionario-responda.shop/agora/wp-includes/js/jquery/ui/core.minb37eb37e.js]
[questionario-responda.shop/agora/-negative.html]
[questionario-responda.shop/agora/OPR/index.html]
[questionario-responda.shop/agora/wp-content/plugins/elementor/assets/js/frontend.min7ac27ac2.js]
[questionario-responda.shop/agora/window.location.html]
[questionario-responda.shop/agora/wp-content/plugins/elementor-pro/assets/js/elements-handlers.min9e359e35.js]
[questionario-responda.shop/agora/a.html]
[questionario-responda.shop/agora/POST.html]
[questionario-responda.shop/agora/schema.org/index.html]
[questionario-responda.shop/agora/b.html]
[questionario-responda.shop/signals/iwl.html]
[questionario-responda.shop/agora/wp-content/plugins/elementor/assets/lib/eicons/fonts/eiconsa7eba7eb.svg]
[questionario-responda.shop/agora/wp-content/plugins/elementor/assets/css/widget-counter.min7ac27ac2.css]
[questionario-responda.shop/agora/wp-content/plugins/elementor/assets/css/widget-progress.min7ac27ac2.css]
[questionario-responda.shop/agora/wp-content/uploads/elementor/css/post-135ee81ee81.css]
[questionario-responda.shop/agora/index86fa86fa.html]
[questionario-responda.shop/agora/wp-json/oembed/1.0/embed39893989.html]
[questionario-responda.shop/agora/wp-content/uploads/elementor/css/post-892e334e334.css]
[questionario-responda.shop/agora/wp-json/wp/v2/pages/892.json]
[questionario-responda.shop/agora/index2b622b62.html]
[questionario-responda.shop/agora/wp-json/oembed/1.0/embeddbd4dbd4.json]
[questionario-responda.shop/agora/tiktok2/index.html]
[questionario-responda.shop/cdn.jsdelivr.net/npm/tsparticles-confetti@2.9.3/tsparticles.confetti.bundle.min.html]
[questionario-responda.shop/agora/tiktok3/index.html]
[respostaspremiadas.com/wp-includes/css/dist/block-library/style.min9704.css]
[respostaspremiadas.com/wp-content/themes/hello-elementor/style.mindeae.css]
[respostaspremiadas.com/wp-content/themes/hello-elementor/theme.mindeae.css]
[respostaspremiadas.com/wp-content/themes/hello-elementor/header-footer.mindeae.css]
[respostaspremiadas.com/wp-content/plugins/elementor/assets/css/frontend.min7ac2.css]
[respostaspremiadas.com/wp-content/uploads/elementor/css/post-53830.css]
[respostaspremiadas.com/wp-content/plugins/elementor/assets/lib/eicons/css/elementor-icons.min705c.css]
[respostaspremiadas.com/wp-content/plugins/essential-addons-for-elementor-lite/assets/front-end/css/view/general.min42c6.css]
[respostaspremiadas.com/wp-includes/js/jquery/jquery.minf43b.js]
[respostaspremiadas.com/wp-includes/js/jquery/jquery-migrate.min5589.js]
[respostaspremiadas.com/wp-content/themes/hello-elementor/assets/js/hello-frontend.min.51deae.delayed]
[respostaspremiadas.com/wp-content/plugins/essential-addons-for-elementor-lite/assets/front-end/js/view/general.min42c6.js]
[questionario-responda.shop/agora/venda/cash.html]
[questionario-responda.shop/agora/wp-content/plugins/elementor/assets/lib/jquery-numerator/jquery-numerator.min39583958.js]
[questionario-responda.shop/agora/e.html]
[questionario-responda.shop/agora/-negative.html]
[questionario-responda.shop/agora/OPR/index.html]
[questionario-responda.shop/agora/window.location.html]
[questionario-responda.shop/agora/wp-content/uploads/elementor/css/post-892e334e334.css]
[questionario-responda.shop/agora/index2b622b62.html]
[questionario-responda.shop/agora/wp-json/oembed/1.0/embed4c6c4c6c.html]
[questionario-responda.shop/agora/wp-content/uploads/elementor/css/post-906bbadbbad.css]
[questionario-responda.shop/agora/wp-json/wp/v2/pages/906.json]
[questionario-responda.shop/agora/indexea3eea3e.html]
[questionario-responda.shop/agora/wp-json/oembed/1.0/embed949e949e.json]
[questionario-responda.shop/agora/tiktok3/index.html]
[respostaspremiadas.com/wp-includes/css/dist/block-library/style.min9704.css]
[respostaspremiadas.com/wp-content/themes/hello-elementor/style.mindeae.html]
[respostaspremiadas.com/wp-content/themes/hello-elementor/theme.mindeae.html]
[respostaspremiadas.com/wp-content/themes/hello-elementor/header-footer.mindeae.html]
[respostaspremiadas.com/wp-content/plugins/elementor/assets/css/frontend.min7ac2.css]
[respostaspremiadas.com/wp-content/uploads/elementor/css/post-53830.css]
[questionario-responda.shop/agora/tiktok4/index.html]
[respostaspremiadas.com/wp-content/plugins/elementor/assets/lib/eicons/css/elementor-icons.min705c.css]
[respostaspremiadas.com/wp-content/plugins/essential-addons-for-elementor-lite/assets/front-end/css/view/general.min42c6.html]
[respostaspremiadas.com/wp-includes/js/jquery/jquery.minf43b.js]
[respostaspremiadas.com/wp-includes/js/jquery/jquery-migrate.min5589.js]
[respostaspremiadas.com/wp-content/themes/hello-elementor/assets/js/hello-frontend.mindeae.html]
[respostaspremiadas.com/wp-content/plugins/essential-addons-for-elementor-lite/assets/front-end/js/view/general.min42c6.html]
[questionario-responda.shop/agora/wp-content/uploads/elementor/css/post-906bbadbbad.css]
[questionario-responda.shop/agora/indexea3eea3e.html]
[questionario-responda.shop/agora/wp-json/oembed/1.0/embed0d6d0d6d.html]
[questionario-responda.shop/agora/wp-content/uploads/elementor/css/post-91714a314a3.css]
[questionario-responda.shop/agora/wp-json/wp/v2/pages/917.json]
[questionario-responda.shop/agora/index4181.5b4181.delayed]
[questionario-responda.shop/agora/wp-json/oembed/1.0/embeddb38db38.json]
[questionario-responda.shop/agora/tiktok4/index.html]
[questionario-responda.shop/agora/tiktok5/index.html]
[questionario-responda.shop/agora/wp-content/uploads/elementor/css/post-91714a314a3.css]
[questionario-responda.shop/agora/index41814181.html]
[questionario-responda.shop/agora/wp-json/oembed/1.0/embed51525152.html]
[questionario-responda.shop/agora/wp-content/uploads/elementor/css/post-925d11ad11a.css]
[questionario-responda.shop/agora/wp-json/wp/v2/pages/925.json]
[questionario-responda.shop/agora/indexd0d3d0d3.html]
[questionario-responda.shop/agora/wp-json/oembed/1.0/embed1c211c21.json]
[questionario-responda.shop/agora/tiktok5/index.html]
[questionario-responda.shop/agora/wp-content/uploads/elementor/css/post-925d11ad11a.css]
[questionario-responda.shop/agora/indexd0d3d0d3.html]
[questionario-responda.shop/agora/wp-json/oembed/1.0/embed90509050.html]
[questionario-responda.shop/agora/tiktok6/index.html]
[questionario-responda.shop/agora/wp-content/uploads/elementor/css/post-9335cd35cd3.css]
[questionario-responda.shop/agora/wp-json/wp/v2/pages/933.json]
[questionario-responda.shop/agora/indexcf93cf93.html]
[questionario-responda.shop/agora/wp-json/oembed/1.0/embedd9b0d9b0.json]
[questionario-responda.shop/agora/tiktok7/index.html]
[questionario-responda.shop/agora/tiktok6/index.html]
[questionario-responda.shop/agora/wp-content/uploads/elementor/css/post-9335cd35cd3.css]
[questionario-responda.shop/agora/indexcf93cf93.html]
[questionario-responda.shop/agora/wp-json/oembed/1.0/embeddcbfdcbf.html]
[questionario-responda.shop/agora/wp-content/uploads/elementor/css/post-97787af87af.css]
[questionario-responda.shop/agora/wp-json/wp/v2/pages/977.json]
[questionario-responda.shop/agora/index86c586c5.html]
[questionario-responda.shop/agora/wp-json/oembed/1.0/embeda6a8a6a8.json]
[questionario-responda.shop/agora/tiktok8/index.html]
[questionario-responda.shop/agora/tiktok7/index.html]
[questionario-responda.shop/agora/wp-content/uploads/elementor/css/post-97787af87af.css]
[questionario-responda.shop/agora/index86c586c5.html]
[questionario-responda.shop/agora/wp-json/oembed/1.0/embed8e8f8e8f.html]
[questionario-responda.shop/agora/wp-content/uploads/elementor/css/post-98248c448c4.css]
[questionario-responda.shop/agora/wp-json/wp/v2/pages/982.json]
[questionario-responda.shop/agora/index08490849.html]
[questionario-responda.shop/agora/wp-json/oembed/1.0/embeda2f8a2f8.json]
[questionario-responda.shop/agora/tiktok9/index.html]
[questionario-responda.shop/agora/tiktok8/index.html]
[questionario-responda.shop/agora/wp-content/uploads/elementor/css/post-98248c448c4.css]
[questionario-responda.shop/agora/index08490849.html]
[questionario-responda.shop/agora/wp-json/oembed/1.0/embed5f235f23.html]
[questionario-responda.shop/agora/wp-content/uploads/elementor/css/post-9870b280b28.css]
[questionario-responda.shop/agora/wp-json/wp/v2/pages/987.json]
[questionario-responda.shop/agora/index3afd.793afd.delayed]
[questionario-responda.shop/agora/wp-json/oembed/1.0/embeda30ba30b.json]
[questionario-responda.shop/agora/tiktok9/index.html]
[questionario-responda.shop/agora/wp-content/uploads/elementor/css/post-9870b280b28.css]
[questionario-responda.shop/agora/index3afd3afd.html]
[questionario-responda.shop/agora/wp-json/oembed/1.0/embed9e7d9e7d.html]
[questionario-responda.shop/agora/tiktok10/index.html]
[questionario-responda.shop/agora/wp-content/uploads/elementor/css/post-998cf37cf37.css]
[questionario-responda.shop/agora/wp-json/wp/v2/pages/998.json]
[questionario-responda.shop/agora/indexefbfefbf.html]
[questionario-responda.shop/agora/wp-json/oembed/1.0/embed83ba83ba.json]
[questionario-responda.shop/agora/tiktok10/index.html]
[questionario-responda.shop/agora/wp-content/uploads/elementor/css/post-998cf37cf37.css]
[questionario-responda.shop/agora/indexefbfefbf.html]
[questionario-responda.shop/agora/wp-json/oembed/1.0/embed40344034.html]
[questionario-responda.shop/agora/tiktok11/index.html]
[questionario-responda.shop/agora/wp-content/uploads/elementor/css/post-1003e4c5e4c5.css]
[questionario-responda.shop/agora/wp-json/wp/v2/pages/1003.json]
[questionario-responda.shop/agora/index5a7f.855a7f.delayed]
[questionario-responda.shop/agora/wp-json/oembed/1.0/embed351b351b.json]
[questionario-responda.shop/agora/tiktok11/index.html]
[questionario-responda.shop/agora/tiktokvsl/index.html]
[questionario-responda.shop/agora/wp-content/uploads/elementor/css/post-1003e4c5e4c5.css]
[questionario-responda.shop/agora/index5a7f5a7f.html]
[questionario-responda.shop/agora/wp-json/oembed/1.0/embed73087308.html]
[questionario-responda.shop/agora/wp-content/plugins/elementor/assets/css/widget-video.min7ac27ac2.css]
[questionario-responda.shop/agora/wp-content/uploads/elementor/css/post-103386ed86ed.css]
[questionario-responda.shop/agora/wp-content/plugins/elementor/assets/lib/font-awesome/css/fontawesome.min52d552d5.css]
[questionario-responda.shop/agora/wp-content/plugins/elementor/assets/lib/font-awesome/css/solid.min52d552d5.css]
[questionario-responda.shop/agora/wp-json/wp/v2/pages/1033.json]
[questionario-responda.shop/agora/index8b2f8b2f.html]
[questionario-responda.shop/agora/wp-json/oembed/1.0/embed31e731e7.json]
[questionario-responda.shop/agora/wp-content/uploads/2025/01/VSL-TikTok-19.90.mp4]
[questionario-responda.shop/agora/tiktokvsl/index.html]
[questionario-responda.shop/agora/wp-content/plugins/elementor/assets/css/widget-video.min7ac27ac2.css]
[questionario-responda.shop/agora/wp-content/uploads/elementor/css/post-103386ed86ed.css]
[questionario-responda.shop/agora/wp-content/plugins/elementor/assets/lib/font-awesome/css/fontawesome.min52d552d5.css]
[questionario-responda.shop/agora/tiktoksaque/index.html]
[questionario-responda.shop/agora/wp-content/plugins/elementor/assets/lib/font-awesome/webfonts/fa-solid-900d41dd41d.eot]
[questionario-responda.shop/agora/wp-content/plugins/elementor/assets/lib/font-awesome/webfonts/fa-solid-900.woff2]
[questionario-responda.shop/agora/wp-content/plugins/elementor/assets/lib/font-awesome/webfonts/fa-solid-900.woff]
[questionario-responda.shop/agora/wp-content/plugins/elementor/assets/lib/font-awesome/webfonts/fa-solid-900.eot]
[questionario-responda.shop/agora/wp-content/plugins/elementor/assets/lib/font-awesome/webfonts/fa-solid-900.ttf]
[questionario-responda.shop/agora/wp-content/plugins/elementor/assets/lib/font-awesome/css/solid.min52d552d5.css]
[questionario-responda.shop/agora/index8b2f8b2f.html]
[questionario-responda.shop/agora/wp-json/oembed/1.0/embedd4d3d4d3.html]
[questionario-responda.shop/agora/wp-content/plugins/elementor/assets/lib/font-awesome/webfonts/fa-solid-900.svg]
[questionario-responda.shop/agora/wp-content/uploads/elementor/css/post-117400080008.css]
[questionario-responda.shop/agora/wp-content/plugins/elementor/assets/lib/font-awesome/css/regular.min52d552d5.css]
[questionario-responda.shop/agora/wp-json/wp/v2/pages/1174.json]
[questionario-responda.shop/agora/index46e146e1.html]
[questionario-responda.shop/agora/wp-json/oembed/1.0/embed28f128f1.json]
[questionario-responda.shop/agora/wp-content/uploads/2025/01/Group-3-1.png]
[questionario-responda.shop/agora/wp-content/uploads/2025/01/dsdsdsewe.svg]
[questionario-responda.shop/agora/tiktoksaque/index.html]
[questionario-responda.shop/agora/cadastro/index.html]
[questionario-responda.shop/agora/wp-content/plugins/elementor/assets/lib/font-awesome/webfonts/fa-solid-900.svg]
[questionario-responda.shop/agora/wp-content/plugins/elementor/assets/css/widget-image.min7ac27ac2.css]
[questionario-responda.shop/agora/wp-content/uploads/elementor/css/post-117400080008.css]
[questionario-responda.shop/agora/wp-content/plugins/elementor/assets/lib/font-awesome/webfonts/fa-regular-400.eot]
[questionario-responda.shop/agora/wp-content/plugins/elementor/assets/lib/font-awesome/webfonts/fa-regular-400d41dd41d.eot]
[questionario-responda.shop/agora/wp-content/plugins/elementor/assets/lib/font-awesome/webfonts/fa-regular-400.woff2]
[questionario-responda.shop/agora/wp-content/plugins/elementor/assets/lib/font-awesome/webfonts/fa-regular-400.woff]
[questionario-responda.shop/agora/wp-content/plugins/elementor/assets/lib/font-awesome/webfonts/fa-regular-400.ttf]
[questionario-responda.shop/agora/wp-content/plugins/elementor/assets/lib/font-awesome/css/regular.min52d552d5.css]
[questionario-responda.shop/agora/index46e146e1.html]
[questionario-responda.shop/agora/wp-json/oembed/1.0/embed9b199b19.html]
[questionario-responda.shop/agora/wp-content/uploads/2025/01/dsdsdsewe.svg]
[questionario-responda.shop/agora/wp-content/plugins/elementor/assets/lib/font-awesome/webfonts/fa-regular-400.svg]
[questionario-responda.shop/agora/cadastro/js/latest_1.js]
[questionario-responda.shop/agora/cadastro/js/latest.js]
[questionario-responda.shop/agora/feed/index-11.htm]
[questionario-responda.shop/agora/comments/feed/index-11.htm]
[questionario-responda.shop/agora/cadastro/css/style.min.css]
[questionario-responda.shop/agora/cadastro/css/theme.min.css]
[questionario-responda.shop/agora/cadastro/css/header-footer.min.css]
[questionario-responda.shop/agora/cadastro/css/frontend.min.css]
[questionario-responda.shop/agora/cadastro/css/post-5.css]
[questionario-responda.shop/agora/cadastro/css/widget-heading.min.css]
[questionario-responda.shop/agora/cadastro/css/widget-counter.min.css]
[questionario-responda.shop/agora/cadastro/css/e-swiper.min.css]
[questionario-responda.shop/agora/cadastro/css/frontend.min_1.css]
[questionario-responda.shop/agora/cadastro/css/swiper.min.css]
[questionario-responda.shop/agora/cadastro/css/global.css]
[questionario-responda.shop/agora/cadastro/css/widget-icon-list.min.css]
[questionario-responda.shop/agora/cadastro/css/widget-divider.min.css]
[questionario-responda.shop/agora/cadastro/css/post-316.css]
[questionario-responda.shop/agora/cadastro/css/post-824.css]
[questionario-responda.shop/agora/cadastro/css/post-292.css]
[questionario-responda.shop/agora/cadastro/css/post-285.css]
[questionario-responda.shop/agora/cadastro/css/post-280.css]
[questionario-responda.shop/agora/cadastro/css/post-277.css]
[questionario-responda.shop/agora/cadastro/css/post-274.css]
[questionario-responda.shop/agora/cadastro/css/post-271.css]
[questionario-responda.shop/agora/cadastro/css/post-268.css]
[questionario-responda.shop/agora/cadastro/css/post-265.css]
[questionario-responda.shop/agora/cadastro/css/post-262.css]
[questionario-responda.shop/agora/cadastro/css/post-259.css]
[questionario-responda.shop/agora/cadastro/css/post-256.css]
[questionario-responda.shop/agora/cadastro/css/post-253.css]
[questionario-responda.shop/agora/cadastro/css-11.html]
[questionario-responda.shop/agora/cadastro/js/jquery.min.js]
[questionario-responda.shop/agora/cadastro/js/jquery-migrate.min.js]
[questionario-responda.shop/agora/wp-json/index-11.htm]
[questionario-responda.shop/agora/xmlrpc-110db0.php]
[questionario-responda.shop/agora/cadastro/images/tiktok-logo-150x150.jpg]
[questionario-responda.shop/agora/cadastro/images/tiktok-logo-300x300.jpg]
[questionario-responda.shop/agora/cadastro/js/wp-emoji-release.min.js]
[questionario-responda.shop/agora/cadastro/js/wp-emoji-release.min_1.js]
[questionario-responda.shop/agora/cadastro/js/wp-emoji-release.min_2.js]
[questionario-responda.shop/agora/cadastro/js/wp-emoji-release.min_3.js]
[questionario-responda.shop/agora/cadastro/images/tiktoklogo.svg]
[questionario-responda.shop/agora/cadastro/images/Frame-123as.svg]
[questionario-responda.shop/agora/cadastro/images/warning.png]
[questionario-responda.shop/agora/cadastro/images/Featured-icona.svg]
[questionario-responda.shop/agora/cadastro/images/Frame-116A.svg]
[questionario-responda.shop/agora/cadastro/images/Frame-115.svg]
[questionario-responda.shop/agora/cadastro/js/wp-emoji-release.min_4.js]
[questionario-responda.shop/agora/cadastro/js/hello-frontend.min.js]
[questionario-responda.shop/agora/cadastro/js/jquery-numerator.min.js]
[questionario-responda.shop/agora/cadastro/js/jquery.sticky.min.js]
[questionario-responda.shop/agora/cadastro/js/webpack-pro.runtime.min.js]
[questionario-responda.shop/agora/cadastro/js/webpack.runtime.min.js]
[questionario-responda.shop/agora/cadastro/js/frontend-modules.min.js]
[questionario-responda.shop/agora/cadastro/js/hooks.min.js]
[questionario-responda.shop/agora/cadastro/js/i18n.min.js]
[questionario-responda.shop/agora/cadastro/disable-devtool.html]
[questionario-responda.shop/agora/cadastro/js/frontend.min_1.js]
[questionario-responda.shop/agora/cadastro/js/core.min.js]
[questionario-responda.shop/agora/cadastro/index.html]
[questionario-responda.shop/agora/cadastro/js/elements-handlers.min.js]
[questionario-responda.shop/agora/cadastro/js/frontend.min.js]
[questionario-responda.shop/agora/wp-content/plugins/elementor/assets/lib/font-awesome/webfonts/fa-regular-400.svg]
[questionario-responda.shop/agora/cadastro/wa.me]
[questionario-responda.shop/agora/cadastro/js/latest_1.js]
[questionario-responda.shop/agora/cadastro/js/latest.js]
[questionario-responda.shop/agora/feed/index-11.html]
[questionario-responda.shop/agora/comments/feed/index-11.html]
[questionario-responda.shop/agora/cadastro/css/style.min.css]
[questionario-responda.shop/agora/cadastro/css/theme.min.css]
[questionario-responda.shop/agora/cadastro/css/header-footer.min.css]
[questionario-responda.shop/agora/cadastro/css/frontend.min.css]
[questionario-responda.shop/agora/cadastro/css/post-5.css]
[questionario-responda.shop/agora/cadastro/css/widget-image.min.css]
[questionario-responda.shop/agora/cadastro/css/widget-heading.min.css]
[questionario-responda.shop/agora/cadastro/css/widget-counter.min.css]
[questionario-responda.shop/agora/cadastro/css/swiper.min.css]
[questionario-responda.shop/agora/cadastro/css/e-swiper.min.css]
[questionario-responda.shop/agora/cadastro/css/frontend.min_1.css]
[questionario-responda.shop/agora/cadastro/css/global.css]
[questionario-responda.shop/agora/cadastro/css/widget-icon-list.min.css]
[questionario-responda.shop/agora/cadastro/css/widget-divider.min.css]
[questionario-responda.shop/agora/cadastro/css/post-316.css]
[questionario-responda.shop/agora/cadastro/css/post-824.css]
[questionario-responda.shop/agora/cadastro/css/post-292.css]
[questionario-responda.shop/agora/cadastro/css/post-285.css]
[questionario-responda.shop/agora/cadastro/css/post-280.css]
[questionario-responda.shop/agora/cadastro/css/post-277.css]
[questionario-responda.shop/agora/cadastro/css/post-274.css]
[questionario-responda.shop/agora/cadastro/css/post-271.css]
[questionario-responda.shop/agora/cadastro/css/post-268.css]
[questionario-responda.shop/agora/cadastro/css/post-265.css]
[questionario-responda.shop/agora/cadastro/css/post-262.css]
[questionario-responda.shop/agora/cadastro/css/post-259.css]
[questionario-responda.shop/agora/cadastro/css/post-256.css]
[questionario-responda.shop/agora/cadastro/css/post-253.css]
[questionario-responda.shop/agora/cadastro/css/style.css]
[questionario-responda.shop/agora/cadastro/css/bootstrap.min.css]
[questionario-responda.shop/agora/cadastro/images/something-lost.png]
[questionario-responda.shop/agora/cadastro/css-11.html]
[questionario-responda.shop/agora/cadastro/js/jquery.min.js]
[questionario-responda.shop/agora/cadastro/js/jquery-migrate.min.js]
[questionario-responda.shop/agora/wp-json/index-11.html]
[questionario-responda.shop/agora/xmlrpc-110db0.html]
[questionario-responda.shop/agora/cadastro/js/wp-emoji-release.min.js]
[questionario-responda.shop/agora/cadastro/js/wp-emoji-release.min_1.js]
[questionario-responda.shop/agora/cadastro/js/wp-emoji-release.min_2.js]
[questionario-responda.shop/agora/cadastro/js/wp-emoji-release.min_3.js]
[questionario-responda.shop/agora/cadastro/js/wp-emoji-release.min_4.js]
[questionario-responda.shop/agora/cadastro/images/tiktoklogo.svg]
[questionario-responda.shop/agora/cadastro/images/Frame-123as.svg]
[questionario-responda.shop/agora/cadastro/images/warning.html]
[questionario-responda.shop/agora/cadastro/images/Featured-icona.svg]
[questionario-responda.shop/agora/cadastro/images/Frame-116A.svg]
[questionario-responda.shop/agora/cadastro/images/Frame-115.svg]
[questionario-responda.shop/agora/cadastro/js/hello-frontend.min.js]
[questionario-responda.shop/agora/cadastro/js/jquery-numerator.min.js]
[questionario-responda.shop/agora/cadastro/js/jquery.sticky.min.js]
[questionario-responda.shop/agora/cadastro/js/webpack-pro.runtime.min.js]
[questionario-responda.shop/agora/cadastro/js/webpack.runtime.min.js]
[questionario-responda.shop/agora/cadastro/js/frontend-modules.min.js]
[questionario-responda.shop/agora/cadastro/js/hooks.min.js]
[questionario-responda.shop/agora/cadastro/js/i18n.min.js]
[questionario-responda.shop/agora/cadastro/disable-devtool.html]
[questionario-responda.shop/agora/cadastro/-negative.svg]
[questionario-responda.shop/agora/cadastro/js/frontend.min_1.js]
[questionario-responda.shop/agora/cadastro/js/core.min.js]
[questionario-responda.shop/agora/cadastro/js/frontend.min.js]
[questionario-responda.shop/agora/cadastro/window.location.href]
[questionario-responda.shop/agora/cadastro/OPR/index.html]
[questionario-responda.shop/agora/cadastro/js/elements-handlers.min.js]
[questionario-responda.shop/agora/cadastro/wa.html]
[questionario-responda.shop/agora/cadastro/css/style.css]
[questionario-responda.shop/agora/cadastro/fonts/glyphicons-halflings-regular.eot]
[questionario-responda.shop/agora/cadastro/fonts/glyphicons-halflings-regular.woff2]
[questionario-responda.shop/agora/cadastro/fonts/glyphicons-halflings-regular.woff]
[questionario-responda.shop/agora/cadastro/fonts/glyphicons-halflings-regular.ttf]
[questionario-responda.shop/agora/cadastro/css/bootstrap.min.css]
[questionario-responda.shop/agora/cadastro/images/glyphicons-halflings-regular.svg]
[questionario-responda.shop/agora/cadastro/css-14.html]
[questionario-responda.shop/agora/cadastro/-negative.html]
[questionario-responda.shop/agora/cadastro/OPR/index.html]
[questionario-responda.shop/agora/cadastro/window.location.html]
[questionario-responda.shop/agora/cadastro/images/glyphicons-halflings-regular.svg]
[www.google-analytics.com/analytics.js]
